// Jest Snapshot v1, https://goo.gl/fbAQLP

exports[`Pruebas para <GifGridItem /> Mostrar <GifGridItem /> correctamente 1`] = `
<div
  className="card animate__animated animate__fadeIn"
>
  <img
    alt="Un titulo"
    src="https://localhost.com/dasjk"
  />
  <p>
    Un titulo
  </p>
</div>
`;
